]0;/home/leonardo/Desktop/Rodrigo/Tesis/trading-ML]0;leonardo@leonardo: ~/Desktop/Rodrigo/Tesis/trading-ML[01;32mleonardo@leonardo[00m:[01;34m~/Desktop/Rodrigo/Tesis/trading-ML[00m$ git c heckout
D	Imagenes/ucv_logo.png
D	cap I.Rmd
D	cap II.Rmd
D	cap III.Rmd
D	portada.Rmd
D	tesis_V3.R
Your branch is up to date with 'origin/master'.
]0;/home/leonardo/Desktop/Rodrigo/Tesis/trading-ML]0;leonardo@leonardo: ~/Desktop/Rodrigo/Tesis/trading-ML[01;32mleonardo@leonardo[00m:[01;34m~/Desktop/Rodrigo/Tesis/trading-ML[00m$ git b ranch
[?1h=* [32mmaster[m[m
[K[?1l>]0;/home/leonardo/Desktop/Rodrigo/Tesis/trading-ML]0;leonardo@leonardo: ~/Desktop/Rodrigo/Tesis/trading-ML[01;32mleonardo@leonardo[00m:[01;34m~/Desktop/Rodrigo/Tesis/trading-ML[00m$ git [K[K[K[Kgit b ranch
[?1h=* [32mmaster[m[m
]0;/home/leonardo/Desktop/Rodrigo/Tesis/trading-ML]0;leonardo@leonardo: ~/Desktop/Rodrigo/Tesis/trading-ML[01;32mleonardo@leonardo[00m:[01;34m~/Desktop/Rodrigo/Tesis/trading-ML[K [00m$ git branch
[?1h=* [32mmaster[m[m
]0;/home/leonardo/Desktop/Rodrigo/Tesis/trading-ML]0;leonardo@leonardo: ~/Desktop/Rodrigo/Tesis/trading-ML[01;32mleonardo@leonardo[00m:[01;34m~/Desktop/Rodrigo/Tesis/trading-ML [00m$ git status
On branch master
Your branch is up to date with 'origin/master'.

Changes not staged for commit:
  (use "git add/rm <file>..." to update what will be committed)
  (use "git checkout -- <file>..." to discard changes in working directory)

	[31mmodified:   .Rproj.user/8B3E69DA/console06/ADBB21EF[m
	[31mmodified:   .Rproj.user/8B3E69DA/console06/ADBB21EF.env[m
	[31mmodified:   .Rproj.user/8B3E69DA/console06/INDEX001[m
	[31mmodified:   .Rproj.user/8B3E69DA/sources/prop/87B5CDE6[m
	[31mmodified:   .Rproj.user/8B3E69DA/sources/prop/B83E15AF[m
	[31mmodified:   .Rproj.user/8B3E69DA/sources/prop/INDEX[m
	[31mdeleted:    .Rproj.user/8B3E69DA/sources/s-4BDB9312/14D6AF63-contents[m
	[31mdeleted:    .Rproj.user/8B3E69DA/sources/s-4BDB9312/159DA2D6-contents[m
	[31mdeleted:    .Rproj.user/8B3E69DA/sources/s-4BDB9312/199A3FEA-contents[m
	[31mdeleted:    .Rproj.user/8B3E69DA/sources/s-4BDB9312/1AC03660[m
	[31mdeleted:    .Rproj.user/8B3E69DA/sources/s-4BDB9312/1AC03660-contents[m
	[31mdeleted:    .Rproj.user/8B3E69DA/sources/s-4BDB9312/1EC13CB5-contents[m
	[31mdeleted:    .Rproj.user/8B3E69DA/sources/s-4BDB9312/1FDE423D-contents[m
	[31mdeleted:    .Rproj.user/8B3E69DA/sources/s-4BDB9312/262F4550-contents[m
	[31mdeleted:    .Rproj.user/8B3E69DA/sources/s-4BDB9312/38679DB8-contents[m
	[31mdeleted:    .Rproj.user/8B3E69DA/sources/s-4BDB9312/3B8A60B7-contents[m
	[31mdeleted:    .Rproj.user/8B3E69DA/sources/s-4BDB9312/3E65BD36-contents[m
	[31mdeleted:    .Rproj.user/8B3E69DA/sources/s-4BDB9312/40045B7F-contents[m
	[31mdeleted:    .Rproj.user/8B3E69DA/sources/s-4BDB9312/47E489CC-contents[m
	[31mdeleted:    .Rproj.user/8B3E69DA/sources/s-4BDB9312/56F0C9E9-contents[m
	[31mdeleted:    .Rproj.user/8B3E69DA/sources/s-4BDB9312/67B370B6-contents[m
	[31mdeleted:    .Rproj.user/8B3E69DA/sources/s-4BDB9312/6B35286B-contents[m
	[31mdeleted:    .Rproj.user/8B3E69DA/sources/s-4BDB9312/71E92766[m
	[31mdeleted:    .Rproj.user/8B3E69DA/sources/s-4BDB9312/71E92766-contents[m
	[31mdeleted:    .Rproj.user/8B3E69DA/sources/s-4BDB9312/74E4ED8C-contents[m
	[31mdeleted:    .Rproj.user/8B3E69DA/sources/s-4BDB9312/770E24A2-contents[m
	[31mdeleted:    .Rproj.user/8B3E69DA/sources/s-4BDB9312/7E1F020E-contents[m
	[31mdeleted:    .Rproj.user/8B3E69DA/sources/s-4BDB9312/8BD99F72-contents[m
	[31mdeleted:    .Rproj.user/8B3E69DA/sources/s-4BDB9312/8FC20AED-contents[m
	[31mdeleted:    .Rproj.user/8B3E69DA/sources/s-4BDB9312/92BA0134-contents[m
	[31mdeleted:    .Rproj.user/8B3E69DA/sources/s-4BDB9312/9F023656[m
	[31mdeleted:    .Rproj.user/8B3E69DA/sources/s-4BDB9312/9F023656-contents[m
	[31mdeleted:    .Rproj.user/8B3E69DA/sources/s-4BDB9312/A2A1382-contents[m
	[31mdeleted:    .Rproj.user/8B3E69DA/sources/s-4BDB9312/A3C8F9BA-contents[m
	[31mdeleted:    .Rproj.user/8B3E69DA/sources/s-4BDB9312/A3CE6AEC-contents[m
	[31mdeleted:    .Rproj.user/8B3E69DA/sources/s-4BDB9312/A3E58773-contents[m
	[31mdeleted:    .Rproj.user/8B3E69DA/sources/s-4BDB9312/B0C95BDD[m
	[31mdeleted:    .Rproj.user/8B3E69DA/sources/s-4BDB9312/B0C95BDD-contents[m
	[31mdeleted:    .Rproj.user/8B3E69DA/sources/s-4BDB9312/CD9D4292[m
	[31mdeleted:    .Rproj.user/8B3E69DA/sources/s-4BDB9312/CD9D4292-contents[m
	[31mdeleted:    .Rproj.user/8B3E69DA/sources/s-4BDB9312/CE4F2D32-contents[m
	[31mdeleted:    .Rproj.user/8B3E69DA/sources/s-4BDB9312/CEFFBDD6-contents[m
	[31mdeleted:    .Rproj.user/8B3E69DA/sources/s-4BDB9312/D1347EA7-contents[m
	[31mdeleted:    .Rproj.user/8B3E69DA/sources/s-4BDB9312/D3B5AADB-contents[m
	[31mdeleted:    .Rproj.user/8B3E69DA/sources/s-4BDB9312/E730FB15-contents[m
	[31mdeleted:    .Rproj.user/8B3E69DA/sources/s-4BDB9312/EE0B902D-contents[m
	[31mdeleted:    .Rproj.user/8B3E69DA/sources/s-4BDB9312/F02ECFA2-contents[m
	[31mdeleted:    .Rproj.user/8B3E69DA/sources/s-4BDB9312/FC6EDCE-contents[m
	[31mdeleted:    .Rproj.user/8B3E69DA/sources/s-4BDB9312/lock_file[m
	[31mmodified:   .Rproj.user/shared/notebooks/paths[m
	[31mmodified:   body/cap III.Rmd[m
	[31mdeleted:    data/Bovespa.csv[m
	[31mdeleted:    data/FTSE 100.csv[m
	[31mdeleted:    data/IBEX 35.csv[m
	[31mdeleted:    data/Nikkei 225.csv[m
	[31mdeleted:    data/S&P 500.csv[m

Untracked files:
  (use "git add <file>..." to include in what will be committed)

	[31mdata/BOVESPA.csv[m
	[31mdata/FTSE_100.csv[m
	[31mdata/IBEX_35.csv[m
	[31mdata/NIKKEI_225.csv[m
	[31mdata/S&P_500.csv[m

no changes added to commit (use "git add" and/or "git commit -a")
]0;/home/leonardo/Desktop/Rodrigo/Tesis/trading-ML]0;leonardo@leonardo: ~/Desktop/Rodrigo/Tesis/trading-ML[01;32mleonardo@leonardo[00m:[01;34m~/Desktop/Rodrigo/Tesis/trading-ML [00m$ git add .
]0;/home/leonardo/Desktop/Rodrigo/Tesis/trading-ML]0;leonardo@leonardo: ~/Desktop/Rodrigo/Tesis/trading-ML[01;32mleonardo@leonardo[00m:[01;34m~/Desktop/Rodrigo/Tesis/trading-ML [00m$ git commitm-[K[K -m ''.'.'.'[1P'[1P'[1P's'e'r'i'e' 'p'l'o't'as'[1P'[1P's'
[master c28882e] serie plots
 Committer: Leonardo <leonardo@leonardo.nutrival-domain.lan>
Your name and email address were configured automatically based
on your username and hostname. Please check that they are accurate.
You can suppress this message by setting them explicitly. Run the
following command and follow the instructions in your editor to edit
your configuration file:

    git config --global --edit

After doing this, you may fix the identity used for this commit with:

    git commit --amend --reset-author

 56 files changed, 129 insertions(+), 1715 deletions(-)
 rewrite .Rproj.user/8B3E69DA/console06/INDEX001 (100%)
 delete mode 100644 .Rproj.user/8B3E69DA/sources/s-4BDB9312/14D6AF63-contents
 delete mode 100644 .Rproj.user/8B3E69DA/sources/s-4BDB9312/159DA2D6-contents
 delete mode 100644 .Rproj.user/8B3E69DA/sources/s-4BDB9312/199A3FEA-contents
 delete mode 100644 .Rproj.user/8B3E69DA/sources/s-4BDB9312/1AC03660
 delete mode 100644 .Rproj.user/8B3E69DA/sources/s-4BDB9312/1AC03660-contents
 delete mode 100644 .Rproj.user/8B3E69DA/sources/s-4BDB9312/1EC13CB5-contents
 delete mode 100644 .Rproj.user/8B3E69DA/sources/s-4BDB9312/1FDE423D-contents
 delete mode 100644 .Rproj.user/8B3E69DA/sources/s-4BDB9312/262F4550-contents
 delete mode 100644 .Rproj.user/8B3E69DA/sources/s-4BDB9312/38679DB8-contents
 delete mode 100644 .Rproj.user/8B3E69DA/sources/s-4BDB9312/3B8A60B7-contents
 delete mode 100644 .Rproj.user/8B3E69DA/sources/s-4BDB9312/3E65BD36-contents
 delete mode 100644 .Rproj.user/8B3E69DA/sources/s-4BDB9312/40045B7F-contents
 delete mode 100644 .Rproj.user/8B3E69DA/sources/s-4BDB9312/47E489CC-contents
 delete mode 100644 .Rproj.user/8B3E69DA/sources/s-4BDB9312/56F0C9E9-contents
 delete mode 100644 .Rproj.user/8B3E69DA/sources/s-4BDB9312/67B370B6-contents
 delete mode 100644 .Rproj.user/8B3E69DA/sources/s-4BDB9312/6B35286B-contents
 delete mode 100644 .Rproj.user/8B3E69DA/sources/s-4BDB9312/71E92766
 delete mode 100644 .Rproj.user/8B3E69DA/sources/s-4BDB9312/71E92766-contents
 delete mode 100644 .Rproj.user/8B3E69DA/sources/s-4BDB9312/74E4ED8C-contents
 delete mode 100644 .Rproj.user/8B3E69DA/sources/s-4BDB9312/770E24A2-contents
 delete mode 100644 .Rproj.user/8B3E69DA/sources/s-4BDB9312/7E1F020E-contents
 delete mode 100644 .Rproj.user/8B3E69DA/sources/s-4BDB9312/8BD99F72-contents
 delete mode 100644 .Rproj.user/8B3E69DA/sources/s-4BDB9312/8FC20AED-contents
 delete mode 100644 .Rproj.user/8B3E69DA/sources/s-4BDB9312/92BA0134-contents
 delete mode 100644 .Rproj.user/8B3E69DA/sources/s-4BDB9312/9F023656
 delete mode 100644 .Rproj.user/8B3E69DA/sources/s-4BDB9312/9F023656-contents
 delete mode 100644 .Rproj.user/8B3E69DA/sources/s-4BDB9312/A2A1382-contents
 delete mode 100644 .Rproj.user/8B3E69DA/sources/s-4BDB9312/A3C8F9BA-contents
 delete mode 100644 .Rproj.user/8B3E69DA/sources/s-4BDB9312/A3CE6AEC-contents
 delete mode 100644 .Rproj.user/8B3E69DA/sources/s-4BDB9312/A3E58773-contents
 delete mode 100644 .Rproj.user/8B3E69DA/sources/s-4BDB9312/B0C95BDD
 delete mode 100644 .Rproj.user/8B3E69DA/sources/s-4BDB9312/B0C95BDD-contents
 delete mode 100644 .Rproj.user/8B3E69DA/sources/s-4BDB9312/CD9D4292
 delete mode 100644 .Rproj.user/8B3E69DA/sources/s-4BDB9312/CD9D4292-contents
 delete mode 100644 .Rproj.user/8B3E69DA/sources/s-4BDB9312/CE4F2D32-contents
 delete mode 100644 .Rproj.user/8B3E69DA/sources/s-4BDB9312/CEFFBDD6-contents
 delete mode 100644 .Rproj.user/8B3E69DA/sources/s-4BDB9312/D1347EA7-contents
 delete mode 100644 .Rproj.user/8B3E69DA/sources/s-4BDB9312/D3B5AADB-contents
 delete mode 100644 .Rproj.user/8B3E69DA/sources/s-4BDB9312/E730FB15-contents
 delete mode 100644 .Rproj.user/8B3E69DA/sources/s-4BDB9312/EE0B902D-contents
 delete mode 100644 .Rproj.user/8B3E69DA/sources/s-4BDB9312/F02ECFA2-contents
 delete mode 100644 .Rproj.user/8B3E69DA/sources/s-4BDB9312/FC6EDCE-contents
 delete mode 100644 .Rproj.user/8B3E69DA/sources/s-4BDB9312/lock_file
 rename data/{Bovespa.csv => BOVESPA.csv} (100%)
 rename data/{FTSE 100.csv => FTSE_100.csv} (100%)
 rename data/{IBEX 35.csv => IBEX_35.csv} (100%)
 rename data/{Nikkei 225.csv => NIKKEI_225.csv} (100%)
 rename data/{S&P 500.csv => S&P_500.csv} (100%)
]0;/home/leonardo/Desktop/Rodrigo/Tesis/trading-ML]0;leonardo@leonardo: ~/Desktop/Rodrigo/Tesis/trading-ML[01;32mleonardo@leonardo[00m:[01;34m~/Desktop/Rodrigo/Tesis/trading-ML [00m$ git push
Username for 'https://github.com': rodserr
Password for 'https://rodserr@github.com': 
Counting objects: 19, done.
Delta compression using up to 12 threads.
Compressing objects:   5% (1/17)   Compressing objects:  11% (2/17)   Compressing objects:  17% (3/17)   Compressing objects:  23% (4/17)   Compressing objects:  29% (5/17)   Compressing objects:  35% (6/17)   Compressing objects:  41% (7/17)   Compressing objects:  47% (8/17)   Compressing objects:  52% (9/17)   Compressing objects:  58% (10/17)   Compressing objects:  64% (11/17)   Compressing objects:  70% (12/17)   Compressing objects:  76% (13/17)   Compressing objects:  82% (14/17)   Compressing objects:  88% (15/17)   Compressing objects:  94% (16/17)   Compressing objects: 100% (17/17)   Compressing objects: 100% (17/17), done.
Writing objects:   5% (1/19)   Writing objects:  10% (2/19)   Writing objects:  15% (3/19)   Writing objects:  21% (4/19)   Writing objects:  26% (5/19)   Writing objects:  31% (6/19)   Writing objects:  36% (7/19)   Writing objects:  42% (8/19)   Writing objects:  47% (9/19)   Writing objects:  52% (10/19)   Writing objects:  57% (11/19)   Writing objects:  63% (12/19)   Writing objects:  68% (13/19)   Writing objects:  73% (14/19)   Writing objects:  78% (15/19)   Writing objects:  84% (16/19)   Writing objects:  89% (17/19)   Writing objects:  94% (18/19)   Writing objects: 100% (19/19)   Writing objects: 100% (19/19), 3.43 KiB | 877.00 KiB/s, done.
Total 19 (delta 6), reused 0 (delta 0)
remote: Resolving deltas:   0% (0/6)   [Kremote: Resolving deltas:  16% (1/6)   [Kremote: Resolving deltas:  33% (2/6)   [Kremote: Resolving deltas:  50% (3/6)   [Kremote: Resolving deltas:  66% (4/6)   [Kremote: Resolving deltas:  83% (5/6)   [Kremote: Resolving deltas: 100% (6/6)   [Kremote: Resolving deltas: 100% (6/6), completed with 6 local objects.[K
To https://github.com/rodserr/trading-ML.git
   15ea782..c28882e  master -> master
]0;/home/leonardo/Desktop/Rodrigo/Tesis/trading-ML]0;leonardo@leonardo: ~/Desktop/Rodrigo/Tesis/trading-ML[01;32mleonardo@leonardo[00m:[01;34m~/Desktop/Rodrigo/Tesis/trading-ML [00m$ [K[A]0;leonardo@leonardo: ~/Desktop/Rodrigo/Tesis/trading-ML[01;32mleonardo@leonardo[00m:[01;34m~/Desktop/Rodrigo/Tesis/trading-ML[00m$ git  branch
[?1h=* [32mmaster[m[m
[K[?1l>]0;/home/leonardo/Desktop/Rodrigo/Tesis/trading-ML]0;leonardo@leonardo: ~/Desktop/Rodrigo/Tesis/trading-ML[01;32mleonardo@leonardo[00m:[01;34m~/Desktop/Rodrigo/Tesis/trading-ML[00m$ gt[Kit  [K[A[C[C[C[C[C[C[C[C[C[C[C[C[C[C[C[C[C[C[C[C[C[C[C[C[C[C[C[C[C[C[C[C[C[C[C[C[C[C[C[C[C[C[C[C[C[C[C[C[C[C[C[C[C[C[C[C[K
[K[A[C[C[C[C[C[C[C[C[C[C[C[C[C[C[C[C[C[C[C[C[C[C[C[C[C[C[C[C[C[C[C[C[C[C[C[C[C[C[C[C[C[C[C[C[C[C[C[C[C[C[C[C[C[C[C[C[K[Kgit  status
On branch master
Your branch is up to date with 'origin/master'.

Changes not staged for commit:
  (use "git add/rm <file>..." to update what will be committed)
  (use "git checkout -- <file>..." to discard changes in working directory)

	[31mmodified:   .Rproj.user/8B3E69DA/console06/ADBB21EF[m
	[31mmodified:   .Rproj.user/8B3E69DA/console06/INDEX001[m
	[31mmodified:   .Rproj.user/8B3E69DA/sources/prop/87B5CDE6[m
	[31mmodified:   .Rproj.user/8B3E69DA/sources/prop/B83E15AF[m
	[31mmodified:   .Rproj.user/8B3E69DA/sources/prop/INDEX[m
	[31mmodified:   .Rproj.user/shared/notebooks/paths[m
	[31mdeleted:    body/cap I.Rmd[m
	[31mdeleted:    body/cap II.Rmd[m
	[31mdeleted:    body/cap III.Rmd[m
	[31mdeleted:    body/portada.Rmd[m
	[31mdeleted:    library.bib[m
	[31mdeleted:    main.Rmd[m
	[31mmodified:   main.pdf[m
	[31mmodified:   scripts/app_strategy.R[m
	[31mmodified:   scripts/summStrat.R[m
	[31mmodified:   scripts/tesis_V3.R[m

Untracked files:
  (use "git add <file>..." to include in what will be committed)

	[31mLatex/[m
	[31mbody/agradecimientos/[m
	[31mbody/bibliografia/[m
	[31mbody/chapter1/[m
	[31mbody/chapter2/[m
	[31mbody/chapter3/[m
	[31mbody/chapter4/[m
	[31mbody/conclusion/[m
	[31mbody/introduccion/[m
	[31mbody/preamble/[m
	[31mbody/reconocimiento/[m
	[31mimages/confusion_matrix.png[m
	[31mimages/faces.png[m
	[31mimages/walkforward_plot.jpg[m
	[31mmain-001.pdf[m
	[31mmain-002.pdf[m
	[31mmain-concordance.tex[m
	[31mmain.Rnw[m
	[31mmain.lof[m
	[31mmain.log[m
	[31mmain.lot[m
	[31mmain.synctex.gz[m
	[31mmain.tex[m
	[31mmain.toc[m

no changes added to commit (use "git add" and/or "git commit -a")
]0;/home/leonardo/Desktop/Rodrigo/Tesis/trading-ML]0;leonardo@leonardo: ~/Desktop/Rodrigo/Tesis/trading-ML[01;32mleonardo@leonardo[00m:[01;34m~/Desktop/Rodrigo/Tesis/trading-ML[00m$ git  add .Saved working directory and index state WIP on master: 7bc9bb9 Change from Rmarkdown to Rsweave
]0;/home/leonardo/Desktop/Rodrigo/Tesis/trading-ML]0;leonardo@leonardo: ~/Desktop/Rodrigo/Tesis/trading-ML[01;32mleonardo@leonardo[00m:[01;34m~/Desktop/Rodrigo/Tesis/trading-ML[00m$ git  pull
Username for 'https://github.com': rodserr
Password for 'https://rodserr@github.com': 
Updating 7bc9bb9..df144e6
Fast-forward
 .Rproj.user/shared/notebooks/paths | 27 [31m---------------[m
 body/chapter2/chapter2.Rnw         | 12 [32m++++++[m[31m-[m
 body/chapter3/chapter3.Rnw         | 16 [32m+++++[m[31m----[m
 3 files changed, 21 insertions(+), 34 deletions(-)
]0;/home/leonardo/Desktop/Rodrigo/Tesis/trading-ML]0;leonardo@leonardo: ~/Desktop/Rodrigo/Tesis/trading-ML[01;32mleonardo@leonardo[00m:[01;34m~/Desktop/Rodrigo/Tesis/trading-ML[00m$ [K]0;leonardo@leonardo: ~/Desktop/Rodrigo/Tesis/trading-ML[01;32mleonardo@leonardo[00m:[01;34m~/Desktop/Rodrigo/Tesis/trading-ML[00m$ git status
On branch master
Your branch is up to date with 'origin/master'.

Changes not staged for commit:
  (use "git add <file>..." to update what will be committed)
  (use "git checkout -- <file>..." to discard changes in working directory)

	[31mmodified:   .Rproj.user/8B3E69DA/console06/ADBB21EF[m
	[31mmodified:   .Rproj.user/8B3E69DA/console06/ADBB21EF.env[m
	[31mmodified:   .Rproj.user/8B3E69DA/console06/INDEX001[m
	[31mmodified:   .Rproj.user/8B3E69DA/sources/prop/87B5CDE6[m
	[31mmodified:   .Rproj.user/8B3E69DA/sources/prop/B83E15AF[m
	[31mmodified:   .Rproj.user/shared/notebooks/paths[m
	[31mmodified:   body/chapter2/chapter2.Rnw[m
	[31mmodified:   body/chapter3/chapter3.Rnw[m
	[31mmodified:   main.Rnw[m
	[31mmodified:   scripts/summStrat.R[m
	[31mmodified:   scripts/tesis_V3.R[m

no changes added to commit (use "git add" and/or "git commit -a")
]0;/home/leonardo/Desktop/Rodrigo/Tesis/trading-ML]0;leonardo@leonardo: ~/Desktop/Rodrigo/Tesis/trading-ML[01;32mleonardo@leonardo[00m:[01;34m~/Desktop/Rodrigo/Tesis/trading-ML[00m$ git branch
[?1h=* [32mmaster[m[m
[K[?1l>]0;/home/leonardo/Desktop/Rodrigo/Tesis/trading-ML]0;leonardo@leonardo: ~/Desktop/Rodrigo/Tesis/trading-ML[01;32mleonardo@leonardo[00m:[01;34m~/Desktop/Rodrigo/Tesis/trading-ML[00m$ git ad..[K[K[Kd .[K[K[Kdd .
]0;/home/leonardo/Desktop/Rodrigo/Tesis/trading-ML]0;leonardo@leonardo: ~/Desktop/Rodrigo/Tesis/trading-ML[01;32mleonardo@leonardo[00m:[01;34m~/Desktop/Rodrigo/Tesis/trading-ML[00m$ git commit .m[K[K-m  ''[Kadvances[K[K[K[K[K[K[K[Kadvances in chapters 2 & 3'
[master 82fe784] advances in chapters 2 & 3
 Committer: Leonardo <leonardo@leonardo.nutrival-domain.lan>
Your name and email address were configured automatically based
on your username and hostname. Please check that they are accurate.
You can suppress this message by setting them explicitly. Run the
following command and follow the instructions in your editor to edit
your configuration file:

    git config --global --edit

After doing this, you may fix the identity used for this commit with:

    git commit --amend --reset-author

 11 files changed, 394 insertions(+), 58 deletions(-)
 rewrite .Rproj.user/8B3E69DA/console06/INDEX001 (86%)
]0;/home/leonardo/Desktop/Rodrigo/Tesis/trading-ML]0;leonardo@leonardo: ~/Desktop/Rodrigo/Tesis/trading-ML[01;32mleonardo@leonardo[00m:[01;34m~/Desktop/Rodrigo/Tesis/trading-ML[00m$ git push
Username for 'https://github.com': rodserr
Password for 'https://rodserr@github.com': 
Counting objects: 24, done.
Delta compression using up to 12 threads.
Compressing objects:   5% (1/20)   Compressing objects:  10% (2/20)   Compressing objects:  15% (3/20)   Compressing objects:  20% (4/20)   Compressing objects:  25% (5/20)   Compressing objects:  30% (6/20)   Compressing objects:  35% (7/20)   Compressing objects:  40% (8/20)   Compressing objects:  45% (9/20)   Compressing objects:  50% (10/20)   Compressing objects:  55% (11/20)   Compressing objects:  60% (12/20)   Compressing objects:  65% (13/20)   Compressing objects:  70% (14/20)   Compressing objects:  75% (15/20)   Compressing objects:  80% (16/20)   Compressing objects:  85% (17/20)   Compressing objects:  90% (18/20)   Compressing objects:  95% (19/20)   Compressing objects: 100% (20/20)   Compressing objects: 100% (20/20), done.
Writing objects:   4% (1/24)   Writing objects:   8% (2/24)   Writing objects:  12% (3/24)   Writing objects:  16% (4/24)   Writing objects:  20% (5/24)   Writing objects:  25% (6/24)   Writing objects:  29% (7/24)   Writing objects:  33% (8/24)   Writing objects:  37% (9/24)   Writing objects:  41% (10/24)   Writing objects:  45% (11/24)   Writing objects:  50% (12/24)   Writing objects:  54% (13/24)   Writing objects:  58% (14/24)   Writing objects:  62% (15/24)   Writing objects:  66% (16/24)   Writing objects:  70% (17/24)   Writing objects:  75% (18/24)   Writing objects:  79% (19/24)   Writing objects:  83% (20/24)   Writing objects:  87% (21/24)   Writing objects:  91% (22/24)   Writing objects:  95% (23/24)   Writing objects: 100% (24/24)   Writing objects: 100% (24/24), 6.92 KiB | 787.00 KiB/s, done.
Total 24 (delta 9), reused 0 (delta 0)
remote: Resolving deltas:   0% (0/9)   [Kremote: Resolving deltas:  11% (1/9)   [Kremote: Resolving deltas:  22% (2/9)   [Kremote: Resolving deltas:  33% (3/9)   [Kremote: Resolving deltas:  44% (4/9)   [Kremote: Resolving deltas:  55% (5/9)   [Kremote: Resolving deltas:  66% (6/9)   [Kremote: Resolving deltas:  77% (7/9)   [Kremote: Resolving deltas:  88% (8/9)   [Kremote: Resolving deltas: 100% (9/9)   [Kremote: Resolving deltas: 100% (9/9), completed with 9 local objects.[K
To https://github.com/rodserr/trading-ML.git
   df144e6..82fe784  master -> master
]0;/home/leonardo/Desktop/Rodrigo/Tesis/trading-ML]0;leonardo@leonardo: ~/Desktop/Rodrigo/Tesis/trading-ML[01;32mleonardo@leonardo[00m:[01;34m~/Desktop/Rodrigo/Tesis/trading-ML[00m$ [K]0;leonardo@leonardo: ~/Desktop/Rodrigo/Tesis/trading-ML[01;32mleonardo@leonardo[00m:[01;34m~/Desktop/Rodrigo/Tesis/trading-ML[00m$ git st atus[K[K[K[K[A[C[C[C[C[C[C[C[C[C[C[C[C[C[C[C[C[C[C[C[C[C[C[C[C[C[C[C[C[C[C[C[C[C[C[C[C[C[C[C[C[C[C[C[C[C[C[C[C[C[C[C[C[C[C[C[C[C[C[C[K
[K[A[C[C[C[C[C[C[C[C[C[C[C[C[C[C[C[C[C[C[C[C[C[C[C[C[C[C[C[C[C[C[C[C[C[C[C[C[C[C[C[C[C[C[C[C[C[C[C[C[C[C[C[C[C[C[C[C[C[C[C[K[K st atus
On branch master
Your branch is up to date with 'origin/master'.

Changes not staged for commit:
  (use "git add/rm <file>..." to update what will be committed)
  (use "git checkout -- <file>..." to discard changes in working directory)

	[31mmodified:   .Rproj.user/8B3E69DA/console06/ADBB21EF[m
	[31mmodified:   .Rproj.user/8B3E69DA/console06/INDEX001[m
	[31mmodified:   .Rproj.user/8B3E69DA/sources/prop/B83E15AF[m
	[31mmodified:   .Rproj.user/8B3E69DA/sources/prop/INDEX[m
	[31mmodified:   body/chapter2/chapter2.Rnw[m
	[31mmodified:   body/chapter3/chapter3.Rnw[m
	[31mmodified:   body/chapter4/chapter4.Rnw[m
	[31mdeleted:    main-001.pdf[m
	[31mdeleted:    main-002.pdf[m
	[31mmodified:   main-concordance.tex[m
	[31mmodified:   main.lof[m
	[31mmodified:   main.log[m
	[31mmodified:   main.pdf[m
	[31mmodified:   main.synctex.gz[m
	[31mmodified:   main.tex[m
	[31mmodified:   main.toc[m
	[31mmodified:   scripts/tesis_V3.R[m

no changes added to commit (use "git add" and/or "git commit -a")
]0;/home/leonardo/Desktop/Rodrigo/Tesis/trading-ML]0;leonardo@leonardo: ~/Desktop/Rodrigo/Tesis/trading-ML[01;32mleonardo@leonardo[00m:[01;34m~/Desktop/Rodrigo/Tesis/trading-ML[00m$ git st atus
On branch master
Your branch is up to date with 'origin/master'.

Changes not staged for commit:
  (use "git add/rm <file>..." to update what will be committed)
  (use "git checkout -- <file>..." to discard changes in working directory)

	[31mmodified:   .Rproj.user/8B3E69DA/console06/ADBB21EF[m
	[31mmodified:   .Rproj.user/8B3E69DA/console06/ADBB21EF.env[m
	[31mmodified:   .Rproj.user/8B3E69DA/console06/INDEX001[m
	[31mmodified:   .Rproj.user/8B3E69DA/sources/prop/B83E15AF[m
	[31mmodified:   .Rproj.user/8B3E69DA/sources/prop/INDEX[m
	[31mmodified:   .Rproj.user/shared/notebooks/paths[m
	[31mmodified:   body/chapter2/chapter2.Rnw[m
	[31mmodified:   body/chapter3/chapter3.Rnw[m
	[31mmodified:   body/chapter4/chapter4.Rnw[m
	[31mdeleted:    main-001.pdf[m
	[31mdeleted:    main-002.pdf[m
	[31mmodified:   main-concordance.tex[m
	[31mmodified:   main.lof[m
	[31mmodified:   main.log[m
	[31mmodified:   main.pdf[m
	[31mmodified:   main.synctex.gz[m
	[31mmodified:   main.tex[m
	[31mmodified:   main.toc[m
	[31mmodified:   scripts/tesis_V3.R[m

no changes added to commit (use "git add" and/or "git commit -a")
]0;/home/leonardo/Desktop/Rodrigo/Tesis/trading-ML]0;leonardo@leonardo: ~/Desktop/Rodrigo/Tesis/trading-ML[01;32mleonardo@leonardo[00m:[01;34m~/Desktop/Rodrigo/Tesis/trading-ML[00m$ git br anck[Kh
[?1h=* [32mmaster[m[m
[K[?1l>]0;/home/leonardo/Desktop/Rodrigo/Tesis/trading-ML]0;leonardo@leonardo: ~/Desktop/Rodrigo/Tesis/trading-ML[01;32mleonardo@leonardo[00m:[01;34m~/Desktop/Rodrigo/Tesis/trading-ML[00m$ [K]0;leonardo@leonardo: ~/Desktop/Rodrigo/Tesis/trading-ML[01;32mleonardo@leonardo[00m:[01;34m~/Desktop/Rodrigo/Tesis/trading-ML[00m$ git add .
]0;/home/leonardo/Desktop/Rodrigo/Tesis/trading-ML]0;leonardo@leonardo: ~/Desktop/Rodrigo/Tesis/trading-ML[01;32mleonardo@leonardo[00m:[01;34m~/Desktop/Rodrigo/Tesis/trading-ML[00m$ git commit -m 'updates'rupdates' [A]0;leonardo@leonardo: ~/Desktop/Rodrigo/Tesis/trading-ML[01;32mleonardo@leonardo[00m:[01;34m~/Desktop/Rodrigo/Tesis/trading-ML[00m$ [C[C[C[C[C[C[C[C[C[C[C[C[C[C[C[Ceupdates''[A]0;leonardo@leonardo: ~/Desktop/Rodrigo/Tesis/trading-ML[01;32mleonardo@leonardo[00m:[01;34m~/Desktop/Rodrigo/Tesis/trading-ML[00m$ [C[C[C[C[C[C[C[C[C[C[C[C[C[C[C[C[Cgupdates'[A]0;leonardo@leonardo: ~/Desktop/Rodrigo/Tesis/trading-ML[01;32mleonardo@leonardo[00m:[01;34m~/Desktop/Rodrigo/Tesis/trading-ML[00m$ [C[C[C[C[C[C[C[C[C[C[C[C[C[C[C[C[C[C[Cupdates'[A]0;leonardo@leonardo: ~/Desktop/Rodrigo/Tesis/trading-ML[01;32mleonardo@leonardo[00m:[01;34m~/Desktop/Rodrigo/Tesis/trading-ML[00m$ [C[C[C[C[C[C[C[C[C[C[C[C[C[C[C[C[C[C[Clupdates'[A]0;leonardo@leonardo: ~/Desktop/Rodrigo/Tesis/trading-ML[01;32mleonardo@leonardo[00m:[01;34m~/Desktop/Rodrigo/Tesis/trading-ML[00m$ [C[C[C[C[C[C[C[C[C[C[C[C[C[C[C[C[C[C[C[Caupdates'[A]0;leonardo@leonardo: ~/Desktop/Rodrigo/Tesis/trading-ML[01;32mleonardo@leonardo[00m:[01;34m~/Desktop/Rodrigo/Tesis/trading-ML[00m$ [C[C[C[C[C[C[C[C[C[C[C[C[C[C[C[C[C[C[C[C[Crupdates'[A]0;leonardo@leonardo: ~/Desktop/Rodrigo/Tesis/trading-ML[01;32mleonardo@leonardo[00m:[01;34m~/Desktop/Rodrigo/Tesis/trading-ML[00m$ [C[C[C[C[C[C[C[C[C[C[C[C[C[C[C[C[C[C[C[C[C[C updates'[A]0;leonardo@leonardo: ~/Desktop/Rodrigo/Tesis/trading-ML[01;32mleonardo@leonardo[00m:[01;34m~/Desktop/Rodrigo/Tesis/trading-ML[00m$ [C[C[C[C[C[C[C[C[C[C[C[C[C[C[C[C[C[C[C[C[C[C[C

[master 04b315e] regular updates
 Committer: Leonardo <leonardo@leonardo.nutrival-domain.lan>
Your name and email address were configured automatically based
on your username and hostname. Please check that they are accurate.
You can suppress this message by setting them explicitly. Run the
following command and follow the instructions in your editor to edit
your configuration file:

    git config --global --edit

After doing this, you may fix the identity used for this commit with:

    git commit --amend --reset-author

 19 files changed, 397 insertions(+), 261 deletions(-)
 rewrite .Rproj.user/8B3E69DA/console06/INDEX001 (86%)
 rewrite body/chapter4/chapter4.Rnw (68%)
 delete mode 100644 main-001.pdf
 delete mode 100644 main-002.pdf
 rewrite main.synctex.gz (99%)
]0;/home/leonardo/Desktop/Rodrigo/Tesis/trading-ML]0;leonardo@leonardo: ~/Desktop/Rodrigo/Tesis/trading-ML[01;32mleonardo@leonardo[00m:[01;34m~/Desktop/Rodrigo/Tesis/trading-ML[00m$ git push
Username for 'https://github.com': rodserr
Password for 'https://rodserr@github.com': 
remote: Invalid username or password.
fatal: Authentication failed for 'https://github.com/rodserr/trading-ML.git/'
]0;/home/leonardo/Desktop/Rodrigo/Tesis/trading-ML]0;leonardo@leonardo: ~/Desktop/Rodrigo/Tesis/trading-ML[01;32mleonardo@leonardo[00m:[01;34m~/Desktop/Rodrigo/Tesis/trading-ML[00m$ git push
Username for 'https://github.com': rodserr
Password for 'https://rodserr@github.com': 
Counting objects: 31, done.
Delta compression using up to 12 threads.
Compressing objects:   3% (1/26)   Compressing objects:   7% (2/26)   Compressing objects:  11% (3/26)   Compressing objects:  15% (4/26)   Compressing objects:  19% (5/26)   Compressing objects:  23% (6/26)   Compressing objects:  26% (7/26)   Compressing objects:  30% (8/26)   Compressing objects:  34% (9/26)   Compressing objects:  38% (10/26)   Compressing objects:  42% (11/26)   Compressing objects:  46% (12/26)   Compressing objects:  50% (13/26)   Compressing objects:  53% (14/26)   Compressing objects:  57% (15/26)   Compressing objects:  61% (16/26)   Compressing objects:  65% (17/26)   Compressing objects:  69% (18/26)   Compressing objects:  73% (19/26)   Compressing objects:  76% (20/26)   Compressing objects:  80% (21/26)   Compressing objects:  84% (22/26)   Compressing objects:  88% (23/26)   Compressing objects:  92% (24/26)   Compressing objects:  96% (25/26)   Compressing objects: 100% (26/26)   Compressing objects: 100% (26/26), done.
Writing objects:   3% (1/31)   Writing objects:   6% (2/31)   Writing objects:   9% (3/31)   Writing objects:  12% (4/31)   Writing objects:  16% (5/31)   Writing objects:  19% (6/31)   Writing objects:  22% (7/31)   Writing objects:  25% (8/31)   Writing objects:  29% (9/31)   Writing objects:  32% (10/31)   Writing objects:  35% (11/31)   Writing objects:  38% (12/31)   Writing objects:  41% (13/31)   Writing objects:  45% (14/31)   Writing objects:  48% (15/31)   Writing objects:  51% (16/31)   Writing objects:  54% (17/31)   Writing objects:  58% (18/31)   Writing objects:  61% (19/31)   Writing objects:  64% (20/31)   Writing objects:  67% (21/31)   Writing objects:  70% (22/31)   Writing objects:  74% (23/31)   Writing objects:  77% (24/31)   Writing objects:  80% (25/31)   Writing objects:  83% (26/31)   Writing objects:  87% (27/31)   Writing objects:  90% (28/31)   Writing objects:  93% (29/31)   Writing objects:  96% (30/31)   Writing objects: 100% (31/31)   Writing objects: 100% (31/31), 225.09 KiB | 15.01 MiB/s, done.
Total 31 (delta 17), reused 0 (delta 0)
remote: Resolving deltas:   0% (0/17)   [Kremote: Resolving deltas:   5% (1/17)   [Kremote: Resolving deltas:  11% (2/17)   [Kremote: Resolving deltas:  17% (3/17)   [Kremote: Resolving deltas:  23% (4/17)   [Kremote: Resolving deltas:  29% (5/17)   [Kremote: Resolving deltas:  35% (6/17)   [Kremote: Resolving deltas:  41% (7/17)   [Kremote: Resolving deltas:  47% (8/17)   [Kremote: Resolving deltas:  52% (9/17)   [Kremote: Resolving deltas:  58% (10/17)   [Kremote: Resolving deltas:  64% (11/17)   [Kremote: Resolving deltas:  70% (12/17)   [Kremote: Resolving deltas:  76% (13/17)   [Kremote: Resolving deltas:  82% (14/17)   [Kremote: Resolving deltas:  88% (15/17)   [Kremote: Resolving deltas:  94% (16/17)   [Kremote: Resolving deltas: 100% (17/17)   [Kremote: Resolving deltas: 100% (17/17), completed with 17 local objects.[K
To https://github.com/rodserr/trading-ML.git
   82fe784..04b315e  master -> master
]0;/home/leonardo/Desktop/Rodrigo/Tesis/trading-ML]0;leonardo@leonardo: ~/Desktop/Rodrigo/Tesis/trading-ML[01;32mleonardo@leonardo[00m:[01;34m~/Desktop/Rodrigo/Tesis/trading-ML[00m$ [K]0;leonardo@leonardo: ~/Desktop/Rodrigo/Tesis/trading-ML[01;32mleonardo@leonardo[00m:[01;34m~/Desktop/Rodrigo/Tesis/trading-ML[00m$ git pul l
Username for 'https://github.com': rodserr
Password for 'https://rodserr@github.com': 
remote: Enumerating objects: 55, done.[K
remote: Counting objects:   1% (1/55)   [Kremote: Counting objects:   3% (2/55)   [Kremote: Counting objects:   5% (3/55)   [Kremote: Counting objects:   7% (4/55)   [Kremote: Counting objects:   9% (5/55)   [Kremote: Counting objects:  10% (6/55)   [Kremote: Counting objects:  12% (7/55)   [Kremote: Counting objects:  14% (8/55)   [Kremote: Counting objects:  16% (9/55)   [Kremote: Counting objects:  18% (10/55)   [Kremote: Counting objects:  20% (11/55)   [Kremote: Counting objects:  21% (12/55)   [Kremote: Counting objects:  23% (13/55)   [Kremote: Counting objects:  25% (14/55)   [Kremote: Counting objects:  27% (15/55)   [Kremote: Counting objects:  29% (16/55)   [Kremote: Counting objects:  30% (17/55)   [Kremote: Counting objects:  32% (18/55)   [Kremote: Counting objects:  34% (19/55)   [Kremote: Counting objects:  36% (20/55)   [Kremote: Counting objects:  38% (21/55)   [Kremote: Counting objects:  40% (22/55)   [Kremote: Counting objects:  41% (23/55)   [Kremote: Counting objects:  43% (24/55)   [Kremote: Counting objects:  45% (25/55)   [Kremote: Counting objects:  47% (26/55)   [Kremote: Counting objects:  49% (27/55)   [Kremote: Counting objects:  50% (28/55)   [Kremote: Counting objects:  52% (29/55)   [Kremote: Counting objects:  54% (30/55)   [Kremote: Counting objects:  56% (31/55)   [Kremote: Counting objects:  58% (32/55)   [Kremote: Counting objects:  60% (33/55)   [Kremote: Counting objects:  61% (34/55)   [Kremote: Counting objects:  63% (35/55)   [Kremote: Counting objects:  65% (36/55)   [Kremote: Counting objects:  67% (37/55)   [Kremote: Counting objects:  69% (38/55)   [Kremote: Counting objects:  70% (39/55)   [Kremote: Counting objects:  72% (40/55)   [Kremote: Counting objects:  74% (41/55)   [Kremote: Counting objects:  76% (42/55)   [Kremote: Counting objects:  78% (43/55)   [Kremote: Counting objects:  80% (44/55)   [Kremote: Counting objects:  81% (45/55)   [Kremote: Counting objects:  83% (46/55)   [Kremote: Counting objects:  85% (47/55)   [Kremote: Counting objects:  87% (48/55)   [Kremote: Counting objects:  89% (49/55)   [Kremote: Counting objects:  90% (50/55)   [Kremote: Counting objects:  92% (51/55)   [Kremote: Counting objects:  94% (52/55)   [Kremote: Counting objects:  96% (53/55)   [Kremote: Counting objects:  98% (54/55)   [Kremote: Counting objects: 100% (55/55)   [Kremote: Counting objects: 100% (55/55), done.[K
remote: Compressing objects:   8% (1/12)   [Kremote: Compressing objects:  16% (2/12)   [Kremote: Compressing objects:  25% (3/12)   [Kremote: Compressing objects:  33% (4/12)   [Kremote: Compressing objects:  41% (5/12)   [Kremote: Compressing objects:  50% (6/12)   [Kremote: Compressing objects:  58% (7/12)   [Kremote: Compressing objects:  66% (8/12)   [Kremote: Compressing objects:  75% (9/12)   [Kremote: Compressing objects:  83% (10/12)   [Kremote: Compressing objects:  91% (11/12)   [Kremote: Compressing objects: 100% (12/12)   [Kremote: Compressing objects: 100% (12/12), done.[K
Unpacking objects:   3% (1/30)   Unpacking objects:   6% (2/30)   Unpacking objects:  10% (3/30)   Unpacking objects:  13% (4/30)   Unpacking objects:  16% (5/30)   Unpacking objects:  20% (6/30)   Unpacking objects:  23% (7/30)   Unpacking objects:  26% (8/30)   Unpacking objects:  30% (9/30)   Unpacking objects:  33% (10/30)   Unpacking objects:  36% (11/30)   Unpacking objects:  40% (12/30)   Unpacking objects:  43% (13/30)   Unpacking objects:  46% (14/30)   Unpacking objects:  50% (15/30)   Unpacking objects:  53% (16/30)   Unpacking objects:  56% (17/30)   Unpacking objects:  60% (18/30)   Unpacking objects:  63% (19/30)   Unpacking objects:  66% (20/30)   Unpacking objects:  70% (21/30)   Unpacking objects:  73% (22/30)   Unpacking objects:  76% (23/30)   Unpacking objects:  80% (24/30)   Unpacking objects:  83% (25/30)   remote: Total 30 (delta 14), reused 30 (delta 14), pack-reused 0[K
Unpacking objects:  86% (26/30)   Unpacking objects:  90% (27/30)   Unpacking objects:  93% (28/30)   Unpacking objects:  96% (29/30)   Unpacking objects: 100% (30/30)   Unpacking objects: 100% (30/30), done.
From https://github.com/rodserr/trading-ML
   04b315e..659a598  master     -> origin/master
Updating 04b315e..659a598
Fast-forward
 .Rproj.user/shared/notebooks/paths |   18 [32m+[m[31m-[m
 Latex/Macros/MacroFile1.aux        |    3 [31m-[m
 body/chapter1/chapter1.Rnw         |   10 [32m+[m[31m-[m
 body/chapter2/chapter2.Rnw         |  141 [32m+[m[31m-[m
 body/chapter3/chapter3.Rnw         |   84 [32m+[m[31m-[m
 main-002.pdf                       |  Bin [31m0[m -> [32m71115[m bytes
 main-004.pdf                       |  Bin [31m0[m -> [32m50450[m bytes
 main-concordance.tex               |   20 [32m+[m[31m-[m
 main.Rnw                           |    2 [32m+[m[31m-[m
 main.lof                           |    9 [32m+[m[31m-[m
 main.log                           | 2784 [32m+++++++++[m[31m--------[m
 main.lot                           |    2 [32m+[m[31m-[m
 main.pdf                           |  Bin [31m629860[m -> [32m735749[m bytes
 main.synctex.gz                    |  Bin [31m71060[m -> [32m117214[m bytes
 main.tex                           |  204 [32m+[m[31m-[m
 main.toc                           |   54 [32m+[m[31m-[m
 scripts/functions.R                |   42 [32m+[m
 scripts/tesis_V3.R                 |   12 [32m+[m[31m-[m
 18 files changed, 1856 insertions(+), 1529 deletions(-)
 create mode 100644 main-002.pdf
 create mode 100644 main-004.pdf
 create mode 100644 scripts/functions.R
]0;/home/leonardo/Desktop/Rodrigo/Tesis/trading-ML]0;leonardo@leonardo: ~/Desktop/Rodrigo/Tesis/trading-ML[01;32mleonardo@leonardo[00m:[01;34m~/Desktop/Rodrigo/Tesis/trading-ML[00m$ [K]0;leonardo@leonardo: ~/Desktop/Rodrigo/Tesis/trading-ML[01;32mleonardo@leonardo[00m:[01;34m~/Desktop/Rodrigo/Tesis/trading-ML[00m$ git status
On branch master
Your branch is up to date with 'origin/master'.

Changes not staged for commit:
  (use "git add <file>..." to update what will be committed)
  (use "git checkout -- <file>..." to discard changes in working directory)

	[31mmodified:   .Rproj.user/8B3E69DA/console06/ADBB21EF[m
	[31mmodified:   .Rproj.user/8B3E69DA/console06/ADBB21EF.env[m
	[31mmodified:   .Rproj.user/8B3E69DA/console06/INDEX001[m
	[31mmodified:   .Rproj.user/8B3E69DA/sources/prop/B83E15AF[m
	[31mmodified:   .Rproj.user/8B3E69DA/sources/prop/INDEX[m
	[31mmodified:   .Rproj.user/shared/notebooks/paths[m
	[31mmodified:   body/chapter3/chapter3.Rnw[m
	[31mmodified:   main-002.pdf[m
	[31mmodified:   main-004.pdf[m
	[31mmodified:   main-concordance.tex[m
	[31mmodified:   main.lof[m
	[31mmodified:   main.log[m
	[31mmodified:   main.lot[m
	[31mmodified:   main.pdf[m
	[31mmodified:   main.synctex.gz[m
	[31mmodified:   main.tex[m
	[31mmodified:   main.toc[m
	[31mmodified:   scripts/functions.R[m
	[31mmodified:   scripts/tesis_V3.R[m

Untracked files:
  (use "git add <file>..." to include in what will be committed)

	[31mmain-003.pdf[m
	[31mmain-006.pdf[m
	[31mmain-008.pdf[m
	[31mmain-009.pdf[m
	[31mmain-010.pdf[m

no changes added to commit (use "git add" and/or "git commit -a")
]0;/home/leonardo/Desktop/Rodrigo/Tesis/trading-ML]0;leonardo@leonardo: ~/Desktop/Rodrigo/Tesis/trading-ML[01;32mleonardo@leonardo[00m:[01;34m~/Desktop/Rodrigo/Tesis/trading-ML[00m$ git add .
]0;/home/leonardo/Desktop/Rodrigo/Tesis/trading-ML]0;leonardo@leonardo: ~/Desktop/Rodrigo/Tesis/trading-ML[01;32mleonardo@leonardo[00m:[01;34m~/Desktop/Rodrigo/Tesis/trading-ML[00m$ git commit -m 'regu[K[K[K[Kpd[K[Kupdates' [A
[master 242e3bc] updates
 Committer: Leonardo <leonardo@leonardo.nutrival-domain.lan>
Your name and email address were configured automatically based
on your username and hostname. Please check that they are accurate.
You can suppress this message by setting them explicitly. Run the
following command and follow the instructions in your editor to edit
your configuration file:

    git config --global --edit

After doing this, you may fix the identity used for this commit with:

    git commit --amend --reset-author

 24 files changed, 1909 insertions(+), 1609 deletions(-)
 rewrite .Rproj.user/8B3E69DA/console06/INDEX001 (87%)
 create mode 100644 main-003.pdf
 rewrite main-004.pdf (93%)
 create mode 100644 main-006.pdf
 create mode 100644 main-008.pdf
 create mode 100644 main-009.pdf
 create mode 100644 main-010.pdf
 rewrite main.synctex.gz (98%)
]0;/home/leonardo/Desktop/Rodrigo/Tesis/trading-ML]0;leonardo@leonardo: ~/Desktop/Rodrigo/Tesis/trading-ML[01;32mleonardo@leonardo[00m:[01;34m~/Desktop/Rodrigo/Tesis/trading-ML[00m$ git push
Username for 'https://github.com': rodserr
Password for 'https://rodserr@github.com': 
Counting objects: 36, done.
Delta compression using up to 12 threads.
Compressing objects:   3% (1/33)   Compressing objects:   6% (2/33)   Compressing objects:   9% (3/33)   Compressing objects:  12% (4/33)   Compressing objects:  15% (5/33)   Compressing objects:  18% (6/33)   Compressing objects:  21% (7/33)   Compressing objects:  24% (8/33)   Compressing objects:  27% (9/33)   Compressing objects:  30% (10/33)   Compressing objects:  33% (11/33)   Compressing objects:  36% (12/33)   Compressing objects:  39% (13/33)   Compressing objects:  42% (14/33)   Compressing objects:  45% (15/33)   Compressing objects:  48% (16/33)   Compressing objects:  51% (17/33)   Compressing objects:  54% (18/33)   Compressing objects:  57% (19/33)   Compressing objects:  60% (20/33)   Compressing objects:  63% (21/33)   Compressing objects:  66% (22/33)   Compressing objects:  69% (23/33)   Compressing objects:  72% (24/33)   Compressing objects:  75% (25/33)   Compressing objects:  78% (26/33)   Compressing objects:  81% (27/33)   Compressing objects:  84% (28/33)   Compressing objects:  87% (29/33)   Compressing objects:  90% (30/33)   Compressing objects:  93% (31/33)   Compressing objects:  96% (32/33)   Compressing objects: 100% (33/33)   Compressing objects: 100% (33/33), done.
Writing objects:   2% (1/36)   Writing objects:   5% (2/36)   Writing objects:   8% (3/36)   Writing objects:  11% (4/36)   Writing objects:  13% (5/36)   Writing objects:  16% (6/36)   Writing objects:  19% (7/36)   Writing objects:  22% (8/36)   Writing objects:  25% (9/36)   Writing objects:  27% (10/36)   Writing objects:  30% (11/36)   Writing objects:  33% (12/36)   Writing objects:  36% (13/36)   Writing objects:  38% (14/36)   Writing objects:  41% (15/36)   Writing objects:  44% (16/36)   Writing objects:  47% (17/36)   Writing objects:  50% (18/36)   Writing objects:  52% (19/36)   Writing objects:  55% (20/36)   Writing objects:  58% (21/36)   Writing objects:  63% (23/36)   Writing objects:  69% (25/36)   Writing objects:  72% (26/36)   Writing objects:  75% (27/36)   Writing objects:  77% (28/36)   Writing objects:  80% (29/36)   Writing objects:  83% (30/36)   Writing objects:  86% (31/36)   Writing objects:  88% (32/36)   Writing objects:  91% (33/36)   Writing objects:  94% (34/36)   Writing objects:  97% (35/36)   Writing objects: 100% (36/36)   Writing objects: 100% (36/36), 365.72 KiB | 13.06 MiB/s, done.
Total 36 (delta 18), reused 0 (delta 0)
remote: Resolving deltas:   0% (0/18)   [Kremote: Resolving deltas:   5% (1/18)   [Kremote: Resolving deltas:  11% (2/18)   [Kremote: Resolving deltas:  16% (3/18)   [Kremote: Resolving deltas:  22% (4/18)   [Kremote: Resolving deltas:  27% (5/18)   [Kremote: Resolving deltas:  33% (6/18)   [Kremote: Resolving deltas:  38% (7/18)   [Kremote: Resolving deltas:  44% (8/18)   [Kremote: Resolving deltas:  50% (9/18)   [Kremote: Resolving deltas:  55% (10/18)   [Kremote: Resolving deltas:  66% (12/18)   [Kremote: Resolving deltas:  72% (13/18)   [Kremote: Resolving deltas:  77% (14/18)   [Kremote: Resolving deltas:  83% (15/18)   [Kremote: Resolving deltas:  88% (16/18)   [Kremote: Resolving deltas:  94% (17/18)   [Kremote: Resolving deltas: 100% (18/18)   [Kremote: Resolving deltas: 100% (18/18), completed with 16 local objects.[K
To https://github.com/rodserr/trading-ML.git
   659a598..242e3bc  master -> master
[K]0;leonardo@leonardo: ~/Desktop/Rodrigo/Tesis/trading-ML[01;32mleonardo@leonardo[00m:[01;34m~/Desktop/Rodrigo/Tesis/trading-ML[00m$ git status
On branch master
Your branch is up to date with 'origin/master'.

Changes not staged for commit:
  (use "git add/rm <file>..." to update what will be committed)
  (use "git checkout -- <file>..." to discard changes in working directory)

	[31mmodified:   .Rproj.user/8B3E69DA/console06/ADBB21EF[m
	[31mmodified:   .Rproj.user/8B3E69DA/console06/INDEX001[m
	[31mmodified:   .Rproj.user/8B3E69DA/sources/prop/B83E15AF[m
	[31mmodified:   .Rproj.user/8B3E69DA/sources/prop/INDEX[m
	[31mmodified:   .Rproj.user/shared/notebooks/paths[m
	[31mmodified:   body/chapter3/chapter3.Rnw[m
	[31mmodified:   body/chapter4/chapter4.Rnw[m
	[31mmodified:   body/conclusion/conclusion.Rnw[m
	[31mmodified:   main-002.pdf[m
	[31mmodified:   main-003.pdf[m
	[31mmodified:   main-004.pdf[m
	[31mmodified:   main-006.pdf[m
	[31mmodified:   main-008.pdf[m
	[31mmodified:   main-009.pdf[m
	[31mmodified:   main-010.pdf[m
	[31mmodified:   main-concordance.tex[m
	[31mmodified:   main.Rnw[m
	[31mmodified:   main.lof[m
	[31mmodified:   main.log[m
	[31mmodified:   main.lot[m
	[31mdeleted:    main.pdf[m
	[31mdeleted:    main.synctex.gz[m
	[31mmodified:   main.tex[m
	[31mmodified:   main.toc[m
	[31mmodified:   scripts/functions.R[m
	[31mmodified:   scripts/tesis_V3.R[m

Untracked files:
  (use "git add <file>..." to include in what will be committed)

	[31mmain-011.pdf[m

no changes added to commit (use "git add" and/or "git commit -a")
]0;/home/leonardo/Desktop/Rodrigo/Tesis/trading-ML]0;leonardo@leonardo: ~/Desktop/Rodrigo/Tesis/trading-ML[01;32mleonardo@leonardo[00m:[01;34m~/Desktop/Rodrigo/Tesis/trading-ML[00m$ git add .