]0;/home/leonardo/Desktop/Rodrigo/Tesis/trading-ML]0;leonardo@leonardo: ~/Desktop/Rodrigo/Tesis/trading-ML[01;32mleonardo@leonardo[00m:[01;34m~/Desktop/Rodrigo/Tesis/trading-ML[00m$ git c heckout
D	Imagenes/ucv_logo.png
D	cap I.Rmd
D	cap II.Rmd
D	cap III.Rmd
D	portada.Rmd
D	tesis_V3.R
Your branch is up to date with 'origin/master'.
]0;/home/leonardo/Desktop/Rodrigo/Tesis/trading-ML]0;leonardo@leonardo: ~/Desktop/Rodrigo/Tesis/trading-ML[01;32mleonardo@leonardo[00m:[01;34m~/Desktop/Rodrigo/Tesis/trading-ML[00m$ git b ranch
[?1h=* [32mmaster[m[m
[K[?1l>]0;/home/leonardo/Desktop/Rodrigo/Tesis/trading-ML]0;leonardo@leonardo: ~/Desktop/Rodrigo/Tesis/trading-ML[01;32mleonardo@leonardo[00m:[01;34m~/Desktop/Rodrigo/Tesis/trading-ML[00m$ git [K[K[K[Kgit b ranch
[?1h=* [32mmaster[m[m
]0;/home/leonardo/Desktop/Rodrigo/Tesis/trading-ML]0;leonardo@leonardo: ~/Desktop/Rodrigo/Tesis/trading-ML[01;32mleonardo@leonardo[00m:[01;34m~/Desktop/Rodrigo/Tesis/trading-ML[K [00m$ git branch
[?1h=* [32mmaster[m[m
]0;/home/leonardo/Desktop/Rodrigo/Tesis/trading-ML]0;leonardo@leonardo: ~/Desktop/Rodrigo/Tesis/trading-ML[01;32mleonardo@leonardo[00m:[01;34m~/Desktop/Rodrigo/Tesis/trading-ML [00m$ git status
On branch master
Your branch is up to date with 'origin/master'.

Changes not staged for commit:
  (use "git add/rm <file>..." to update what will be committed)
  (use "git checkout -- <file>..." to discard changes in working directory)

	[31mmodified:   .Rproj.user/8B3E69DA/console06/ADBB21EF[m
	[31mmodified:   .Rproj.user/8B3E69DA/console06/ADBB21EF.env[m
	[31mmodified:   .Rproj.user/8B3E69DA/console06/INDEX001[m
	[31mmodified:   .Rproj.user/8B3E69DA/sources/prop/87B5CDE6[m
	[31mmodified:   .Rproj.user/8B3E69DA/sources/prop/B83E15AF[m
	[31mmodified:   .Rproj.user/8B3E69DA/sources/prop/INDEX[m
	[31mdeleted:    .Rproj.user/8B3E69DA/sources/s-4BDB9312/14D6AF63-contents[m
	[31mdeleted:    .Rproj.user/8B3E69DA/sources/s-4BDB9312/159DA2D6-contents[m
	[31mdeleted:    .Rproj.user/8B3E69DA/sources/s-4BDB9312/199A3FEA-contents[m
	[31mdeleted:    .Rproj.user/8B3E69DA/sources/s-4BDB9312/1AC03660[m
	[31mdeleted:    .Rproj.user/8B3E69DA/sources/s-4BDB9312/1AC03660-contents[m
	[31mdeleted:    .Rproj.user/8B3E69DA/sources/s-4BDB9312/1EC13CB5-contents[m
	[31mdeleted:    .Rproj.user/8B3E69DA/sources/s-4BDB9312/1FDE423D-contents[m
	[31mdeleted:    .Rproj.user/8B3E69DA/sources/s-4BDB9312/262F4550-contents[m
	[31mdeleted:    .Rproj.user/8B3E69DA/sources/s-4BDB9312/38679DB8-contents[m
	[31mdeleted:    .Rproj.user/8B3E69DA/sources/s-4BDB9312/3B8A60B7-contents[m
	[31mdeleted:    .Rproj.user/8B3E69DA/sources/s-4BDB9312/3E65BD36-contents[m
	[31mdeleted:    .Rproj.user/8B3E69DA/sources/s-4BDB9312/40045B7F-contents[m
	[31mdeleted:    .Rproj.user/8B3E69DA/sources/s-4BDB9312/47E489CC-contents[m
	[31mdeleted:    .Rproj.user/8B3E69DA/sources/s-4BDB9312/56F0C9E9-contents[m
	[31mdeleted:    .Rproj.user/8B3E69DA/sources/s-4BDB9312/67B370B6-contents[m
	[31mdeleted:    .Rproj.user/8B3E69DA/sources/s-4BDB9312/6B35286B-contents[m
	[31mdeleted:    .Rproj.user/8B3E69DA/sources/s-4BDB9312/71E92766[m
	[31mdeleted:    .Rproj.user/8B3E69DA/sources/s-4BDB9312/71E92766-contents[m
	[31mdeleted:    .Rproj.user/8B3E69DA/sources/s-4BDB9312/74E4ED8C-contents[m
	[31mdeleted:    .Rproj.user/8B3E69DA/sources/s-4BDB9312/770E24A2-contents[m
	[31mdeleted:    .Rproj.user/8B3E69DA/sources/s-4BDB9312/7E1F020E-contents[m
	[31mdeleted:    .Rproj.user/8B3E69DA/sources/s-4BDB9312/8BD99F72-contents[m
	[31mdeleted:    .Rproj.user/8B3E69DA/sources/s-4BDB9312/8FC20AED-contents[m
	[31mdeleted:    .Rproj.user/8B3E69DA/sources/s-4BDB9312/92BA0134-contents[m
	[31mdeleted:    .Rproj.user/8B3E69DA/sources/s-4BDB9312/9F023656[m
	[31mdeleted:    .Rproj.user/8B3E69DA/sources/s-4BDB9312/9F023656-contents[m
	[31mdeleted:    .Rproj.user/8B3E69DA/sources/s-4BDB9312/A2A1382-contents[m
	[31mdeleted:    .Rproj.user/8B3E69DA/sources/s-4BDB9312/A3C8F9BA-contents[m
	[31mdeleted:    .Rproj.user/8B3E69DA/sources/s-4BDB9312/A3CE6AEC-contents[m
	[31mdeleted:    .Rproj.user/8B3E69DA/sources/s-4BDB9312/A3E58773-contents[m
	[31mdeleted:    .Rproj.user/8B3E69DA/sources/s-4BDB9312/B0C95BDD[m
	[31mdeleted:    .Rproj.user/8B3E69DA/sources/s-4BDB9312/B0C95BDD-contents[m
	[31mdeleted:    .Rproj.user/8B3E69DA/sources/s-4BDB9312/CD9D4292[m
	[31mdeleted:    .Rproj.user/8B3E69DA/sources/s-4BDB9312/CD9D4292-contents[m
	[31mdeleted:    .Rproj.user/8B3E69DA/sources/s-4BDB9312/CE4F2D32-contents[m
	[31mdeleted:    .Rproj.user/8B3E69DA/sources/s-4BDB9312/CEFFBDD6-contents[m
	[31mdeleted:    .Rproj.user/8B3E69DA/sources/s-4BDB9312/D1347EA7-contents[m
	[31mdeleted:    .Rproj.user/8B3E69DA/sources/s-4BDB9312/D3B5AADB-contents[m
	[31mdeleted:    .Rproj.user/8B3E69DA/sources/s-4BDB9312/E730FB15-contents[m
	[31mdeleted:    .Rproj.user/8B3E69DA/sources/s-4BDB9312/EE0B902D-contents[m
	[31mdeleted:    .Rproj.user/8B3E69DA/sources/s-4BDB9312/F02ECFA2-contents[m
	[31mdeleted:    .Rproj.user/8B3E69DA/sources/s-4BDB9312/FC6EDCE-contents[m
	[31mdeleted:    .Rproj.user/8B3E69DA/sources/s-4BDB9312/lock_file[m
	[31mmodified:   .Rproj.user/shared/notebooks/paths[m
	[31mmodified:   body/cap III.Rmd[m
	[31mdeleted:    data/Bovespa.csv[m
	[31mdeleted:    data/FTSE 100.csv[m
	[31mdeleted:    data/IBEX 35.csv[m
	[31mdeleted:    data/Nikkei 225.csv[m
	[31mdeleted:    data/S&P 500.csv[m

Untracked files:
  (use "git add <file>..." to include in what will be committed)

	[31mdata/BOVESPA.csv[m
	[31mdata/FTSE_100.csv[m
	[31mdata/IBEX_35.csv[m
	[31mdata/NIKKEI_225.csv[m
	[31mdata/S&P_500.csv[m

no changes added to commit (use "git add" and/or "git commit -a")
]0;/home/leonardo/Desktop/Rodrigo/Tesis/trading-ML]0;leonardo@leonardo: ~/Desktop/Rodrigo/Tesis/trading-ML[01;32mleonardo@leonardo[00m:[01;34m~/Desktop/Rodrigo/Tesis/trading-ML [00m$ git add .
]0;/home/leonardo/Desktop/Rodrigo/Tesis/trading-ML]0;leonardo@leonardo: ~/Desktop/Rodrigo/Tesis/trading-ML[01;32mleonardo@leonardo[00m:[01;34m~/Desktop/Rodrigo/Tesis/trading-ML [00m$ git commitm-[K[K -m ''.'.'.'[1P'[1P'[1P's'e'r'i'e' 'p'l'o't'as'[1P'[1P's'
[master c28882e] serie plots
 Committer: Leonardo <leonardo@leonardo.nutrival-domain.lan>
Your name and email address were configured automatically based
on your username and hostname. Please check that they are accurate.
You can suppress this message by setting them explicitly. Run the
following command and follow the instructions in your editor to edit
your configuration file:

    git config --global --edit

After doing this, you may fix the identity used for this commit with:

    git commit --amend --reset-author

 56 files changed, 129 insertions(+), 1715 deletions(-)
 rewrite .Rproj.user/8B3E69DA/console06/INDEX001 (100%)
 delete mode 100644 .Rproj.user/8B3E69DA/sources/s-4BDB9312/14D6AF63-contents
 delete mode 100644 .Rproj.user/8B3E69DA/sources/s-4BDB9312/159DA2D6-contents
 delete mode 100644 .Rproj.user/8B3E69DA/sources/s-4BDB9312/199A3FEA-contents
 delete mode 100644 .Rproj.user/8B3E69DA/sources/s-4BDB9312/1AC03660
 delete mode 100644 .Rproj.user/8B3E69DA/sources/s-4BDB9312/1AC03660-contents
 delete mode 100644 .Rproj.user/8B3E69DA/sources/s-4BDB9312/1EC13CB5-contents
 delete mode 100644 .Rproj.user/8B3E69DA/sources/s-4BDB9312/1FDE423D-contents
 delete mode 100644 .Rproj.user/8B3E69DA/sources/s-4BDB9312/262F4550-contents
 delete mode 100644 .Rproj.user/8B3E69DA/sources/s-4BDB9312/38679DB8-contents
 delete mode 100644 .Rproj.user/8B3E69DA/sources/s-4BDB9312/3B8A60B7-contents
 delete mode 100644 .Rproj.user/8B3E69DA/sources/s-4BDB9312/3E65BD36-contents
 delete mode 100644 .Rproj.user/8B3E69DA/sources/s-4BDB9312/40045B7F-contents
 delete mode 100644 .Rproj.user/8B3E69DA/sources/s-4BDB9312/47E489CC-contents
 delete mode 100644 .Rproj.user/8B3E69DA/sources/s-4BDB9312/56F0C9E9-contents
 delete mode 100644 .Rproj.user/8B3E69DA/sources/s-4BDB9312/67B370B6-contents
 delete mode 100644 .Rproj.user/8B3E69DA/sources/s-4BDB9312/6B35286B-contents
 delete mode 100644 .Rproj.user/8B3E69DA/sources/s-4BDB9312/71E92766
 delete mode 100644 .Rproj.user/8B3E69DA/sources/s-4BDB9312/71E92766-contents
 delete mode 100644 .Rproj.user/8B3E69DA/sources/s-4BDB9312/74E4ED8C-contents
 delete mode 100644 .Rproj.user/8B3E69DA/sources/s-4BDB9312/770E24A2-contents
 delete mode 100644 .Rproj.user/8B3E69DA/sources/s-4BDB9312/7E1F020E-contents
 delete mode 100644 .Rproj.user/8B3E69DA/sources/s-4BDB9312/8BD99F72-contents
 delete mode 100644 .Rproj.user/8B3E69DA/sources/s-4BDB9312/8FC20AED-contents
 delete mode 100644 .Rproj.user/8B3E69DA/sources/s-4BDB9312/92BA0134-contents
 delete mode 100644 .Rproj.user/8B3E69DA/sources/s-4BDB9312/9F023656
 delete mode 100644 .Rproj.user/8B3E69DA/sources/s-4BDB9312/9F023656-contents
 delete mode 100644 .Rproj.user/8B3E69DA/sources/s-4BDB9312/A2A1382-contents
 delete mode 100644 .Rproj.user/8B3E69DA/sources/s-4BDB9312/A3C8F9BA-contents
 delete mode 100644 .Rproj.user/8B3E69DA/sources/s-4BDB9312/A3CE6AEC-contents
 delete mode 100644 .Rproj.user/8B3E69DA/sources/s-4BDB9312/A3E58773-contents
 delete mode 100644 .Rproj.user/8B3E69DA/sources/s-4BDB9312/B0C95BDD
 delete mode 100644 .Rproj.user/8B3E69DA/sources/s-4BDB9312/B0C95BDD-contents
 delete mode 100644 .Rproj.user/8B3E69DA/sources/s-4BDB9312/CD9D4292
 delete mode 100644 .Rproj.user/8B3E69DA/sources/s-4BDB9312/CD9D4292-contents
 delete mode 100644 .Rproj.user/8B3E69DA/sources/s-4BDB9312/CE4F2D32-contents
 delete mode 100644 .Rproj.user/8B3E69DA/sources/s-4BDB9312/CEFFBDD6-contents
 delete mode 100644 .Rproj.user/8B3E69DA/sources/s-4BDB9312/D1347EA7-contents
 delete mode 100644 .Rproj.user/8B3E69DA/sources/s-4BDB9312/D3B5AADB-contents
 delete mode 100644 .Rproj.user/8B3E69DA/sources/s-4BDB9312/E730FB15-contents
 delete mode 100644 .Rproj.user/8B3E69DA/sources/s-4BDB9312/EE0B902D-contents
 delete mode 100644 .Rproj.user/8B3E69DA/sources/s-4BDB9312/F02ECFA2-contents
 delete mode 100644 .Rproj.user/8B3E69DA/sources/s-4BDB9312/FC6EDCE-contents
 delete mode 100644 .Rproj.user/8B3E69DA/sources/s-4BDB9312/lock_file
 rename data/{Bovespa.csv => BOVESPA.csv} (100%)
 rename data/{FTSE 100.csv => FTSE_100.csv} (100%)
 rename data/{IBEX 35.csv => IBEX_35.csv} (100%)
 rename data/{Nikkei 225.csv => NIKKEI_225.csv} (100%)
 rename data/{S&P 500.csv => S&P_500.csv} (100%)
]0;/home/leonardo/Desktop/Rodrigo/Tesis/trading-ML]0;leonardo@leonardo: ~/Desktop/Rodrigo/Tesis/trading-ML[01;32mleonardo@leonardo[00m:[01;34m~/Desktop/Rodrigo/Tesis/trading-ML [00m$ git push
Username for 'https://github.com': rodserr
Password for 'https://rodserr@github.com': 
Counting objects: 19, done.
Delta compression using up to 12 threads.
Compressing objects:   5% (1/17)   Compressing objects:  11% (2/17)   Compressing objects:  17% (3/17)   Compressing objects:  23% (4/17)   Compressing objects:  29% (5/17)   Compressing objects:  35% (6/17)   Compressing objects:  41% (7/17)   Compressing objects:  47% (8/17)   Compressing objects:  52% (9/17)   Compressing objects:  58% (10/17)   Compressing objects:  64% (11/17)   Compressing objects:  70% (12/17)   Compressing objects:  76% (13/17)   Compressing objects:  82% (14/17)   Compressing objects:  88% (15/17)   Compressing objects:  94% (16/17)   Compressing objects: 100% (17/17)   Compressing objects: 100% (17/17), done.
Writing objects:   5% (1/19)   Writing objects:  10% (2/19)   Writing objects:  15% (3/19)   Writing objects:  21% (4/19)   Writing objects:  26% (5/19)   Writing objects:  31% (6/19)   Writing objects:  36% (7/19)   Writing objects:  42% (8/19)   Writing objects:  47% (9/19)   Writing objects:  52% (10/19)   Writing objects:  57% (11/19)   Writing objects:  63% (12/19)   Writing objects:  68% (13/19)   Writing objects:  73% (14/19)   Writing objects:  78% (15/19)   Writing objects:  84% (16/19)   Writing objects:  89% (17/19)   Writing objects:  94% (18/19)   Writing objects: 100% (19/19)   Writing objects: 100% (19/19), 3.43 KiB | 877.00 KiB/s, done.
Total 19 (delta 6), reused 0 (delta 0)
remote: Resolving deltas:   0% (0/6)   [Kremote: Resolving deltas:  16% (1/6)   [Kremote: Resolving deltas:  33% (2/6)   [Kremote: Resolving deltas:  50% (3/6)   [Kremote: Resolving deltas:  66% (4/6)   [Kremote: Resolving deltas:  83% (5/6)   [Kremote: Resolving deltas: 100% (6/6)   [Kremote: Resolving deltas: 100% (6/6), completed with 6 local objects.[K
To https://github.com/rodserr/trading-ML.git
   15ea782..c28882e  master -> master
]0;/home/leonardo/Desktop/Rodrigo/Tesis/trading-ML]0;leonardo@leonardo: ~/Desktop/Rodrigo/Tesis/trading-ML[01;32mleonardo@leonardo[00m:[01;34m~/Desktop/Rodrigo/Tesis/trading-ML [00m$ [K[A]0;leonardo@leonardo: ~/Desktop/Rodrigo/Tesis/trading-ML[01;32mleonardo@leonardo[00m:[01;34m~/Desktop/Rodrigo/Tesis/trading-ML[00m$ git  branch
[?1h=* [32mmaster[m[m
[K[?1l>]0;/home/leonardo/Desktop/Rodrigo/Tesis/trading-ML]0;leonardo@leonardo: ~/Desktop/Rodrigo/Tesis/trading-ML[01;32mleonardo@leonardo[00m:[01;34m~/Desktop/Rodrigo/Tesis/trading-ML[00m$ gt[Kit  [K[A[C[C[C[C[C[C[C[C[C[C[C[C[C[C[C[C[C[C[C[C[C[C[C[C[C[C[C[C[C[C[C[C[C[C[C[C[C[C[C[C[C[C[C[C[C[C[C[C[C[C[C[C[C[C[C[C[K
[K[A[C[C[C[C[C[C[C[C[C[C[C[C[C[C[C[C[C[C[C[C[C[C[C[C[C[C[C[C[C[C[C[C[C[C[C[C[C[C[C[C[C[C[C[C[C[C[C[C[C[C[C[C[C[C[C[C[K[Kgit  status
On branch master
Your branch is up to date with 'origin/master'.

Changes not staged for commit:
  (use "git add/rm <file>..." to update what will be committed)
  (use "git checkout -- <file>..." to discard changes in working directory)

	[31mmodified:   .Rproj.user/8B3E69DA/console06/ADBB21EF[m
	[31mmodified:   .Rproj.user/8B3E69DA/console06/INDEX001[m
	[31mmodified:   .Rproj.user/8B3E69DA/sources/prop/87B5CDE6[m
	[31mmodified:   .Rproj.user/8B3E69DA/sources/prop/B83E15AF[m
	[31mmodified:   .Rproj.user/8B3E69DA/sources/prop/INDEX[m
	[31mmodified:   .Rproj.user/shared/notebooks/paths[m
	[31mdeleted:    body/cap I.Rmd[m
	[31mdeleted:    body/cap II.Rmd[m
	[31mdeleted:    body/cap III.Rmd[m
	[31mdeleted:    body/portada.Rmd[m
	[31mdeleted:    library.bib[m
	[31mdeleted:    main.Rmd[m
	[31mmodified:   main.pdf[m
	[31mmodified:   scripts/app_strategy.R[m
	[31mmodified:   scripts/summStrat.R[m
	[31mmodified:   scripts/tesis_V3.R[m

Untracked files:
  (use "git add <file>..." to include in what will be committed)

	[31mLatex/[m
	[31mbody/agradecimientos/[m
	[31mbody/bibliografia/[m
	[31mbody/chapter1/[m
	[31mbody/chapter2/[m
	[31mbody/chapter3/[m
	[31mbody/chapter4/[m
	[31mbody/conclusion/[m
	[31mbody/introduccion/[m
	[31mbody/preamble/[m
	[31mbody/reconocimiento/[m
	[31mimages/confusion_matrix.png[m
	[31mimages/faces.png[m
	[31mimages/walkforward_plot.jpg[m
	[31mmain-001.pdf[m
	[31mmain-002.pdf[m
	[31mmain-concordance.tex[m
	[31mmain.Rnw[m
	[31mmain.lof[m
	[31mmain.log[m
	[31mmain.lot[m
	[31mmain.synctex.gz[m
	[31mmain.tex[m
	[31mmain.toc[m

no changes added to commit (use "git add" and/or "git commit -a")
]0;/home/leonardo/Desktop/Rodrigo/Tesis/trading-ML]0;leonardo@leonardo: ~/Desktop/Rodrigo/Tesis/trading-ML[01;32mleonardo@leonardo[00m:[01;34m~/Desktop/Rodrigo/Tesis/trading-ML[00m$ git  add .Saved working directory and index state WIP on master: 7bc9bb9 Change from Rmarkdown to Rsweave
]0;/home/leonardo/Desktop/Rodrigo/Tesis/trading-ML]0;leonardo@leonardo: ~/Desktop/Rodrigo/Tesis/trading-ML[01;32mleonardo@leonardo[00m:[01;34m~/Desktop/Rodrigo/Tesis/trading-ML[00m$ git  pull
Username for 'https://github.com': rodserr
Password for 'https://rodserr@github.com': 
Updating 7bc9bb9..df144e6
Fast-forward
 .Rproj.user/shared/notebooks/paths | 27 [31m---------------[m
 body/chapter2/chapter2.Rnw         | 12 [32m++++++[m[31m-[m
 body/chapter3/chapter3.Rnw         | 16 [32m+++++[m[31m----[m
 3 files changed, 21 insertions(+), 34 deletions(-)
]0;/home/leonardo/Desktop/Rodrigo/Tesis/trading-ML]0;leonardo@leonardo: ~/Desktop/Rodrigo/Tesis/trading-ML[01;32mleonardo@leonardo[00m:[01;34m~/Desktop/Rodrigo/Tesis/trading-ML[00m$ [K]0;leonardo@leonardo: ~/Desktop/Rodrigo/Tesis/trading-ML[01;32mleonardo@leonardo[00m:[01;34m~/Desktop/Rodrigo/Tesis/trading-ML[00m$ git status
On branch master
Your branch is up to date with 'origin/master'.

Changes not staged for commit:
  (use "git add <file>..." to update what will be committed)
  (use "git checkout -- <file>..." to discard changes in working directory)

	[31mmodified:   .Rproj.user/8B3E69DA/console06/ADBB21EF[m
	[31mmodified:   .Rproj.user/8B3E69DA/console06/ADBB21EF.env[m
	[31mmodified:   .Rproj.user/8B3E69DA/console06/INDEX001[m
	[31mmodified:   .Rproj.user/8B3E69DA/sources/prop/87B5CDE6[m
	[31mmodified:   .Rproj.user/8B3E69DA/sources/prop/B83E15AF[m
	[31mmodified:   .Rproj.user/shared/notebooks/paths[m
	[31mmodified:   body/chapter2/chapter2.Rnw[m
	[31mmodified:   body/chapter3/chapter3.Rnw[m
	[31mmodified:   main.Rnw[m
	[31mmodified:   scripts/summStrat.R[m
	[31mmodified:   scripts/tesis_V3.R[m

no changes added to commit (use "git add" and/or "git commit -a")
]0;/home/leonardo/Desktop/Rodrigo/Tesis/trading-ML]0;leonardo@leonardo: ~/Desktop/Rodrigo/Tesis/trading-ML[01;32mleonardo@leonardo[00m:[01;34m~/Desktop/Rodrigo/Tesis/trading-ML[00m$ git branch
[?1h=* [32mmaster[m[m
[K[?1l>]0;/home/leonardo/Desktop/Rodrigo/Tesis/trading-ML]0;leonardo@leonardo: ~/Desktop/Rodrigo/Tesis/trading-ML[01;32mleonardo@leonardo[00m:[01;34m~/Desktop/Rodrigo/Tesis/trading-ML[00m$ git ad..[K[K[Kd .[K[K[Kdd .
]0;/home/leonardo/Desktop/Rodrigo/Tesis/trading-ML]0;leonardo@leonardo: ~/Desktop/Rodrigo/Tesis/trading-ML[01;32mleonardo@leonardo[00m:[01;34m~/Desktop/Rodrigo/Tesis/trading-ML[00m$ git commit .m[K[K-m  ''[Kadvances[K[K[K[K[K[K[K[Kadvances in chapters 2 & 3'
[master 82fe784] advances in chapters 2 & 3
 Committer: Leonardo <leonardo@leonardo.nutrival-domain.lan>
Your name and email address were configured automatically based
on your username and hostname. Please check that they are accurate.
You can suppress this message by setting them explicitly. Run the
following command and follow the instructions in your editor to edit
your configuration file:

    git config --global --edit

After doing this, you may fix the identity used for this commit with:

    git commit --amend --reset-author

 11 files changed, 394 insertions(+), 58 deletions(-)
 rewrite .Rproj.user/8B3E69DA/console06/INDEX001 (86%)
]0;/home/leonardo/Desktop/Rodrigo/Tesis/trading-ML]0;leonardo@leonardo: ~/Desktop/Rodrigo/Tesis/trading-ML[01;32mleonardo@leonardo[00m:[01;34m~/Desktop/Rodrigo/Tesis/trading-ML[00m$ git push
Username for 'https://github.com': rodserr
Password for 'https://rodserr@github.com': 
Counting objects: 24, done.
Delta compression using up to 12 threads.
Compressing objects:   5% (1/20)   Compressing objects:  10% (2/20)   Compressing objects:  15% (3/20)   Compressing objects:  20% (4/20)   Compressing objects:  25% (5/20)   Compressing objects:  30% (6/20)   Compressing objects:  35% (7/20)   Compressing objects:  40% (8/20)   Compressing objects:  45% (9/20)   Compressing objects:  50% (10/20)   Compressing objects:  55% (11/20)   Compressing objects:  60% (12/20)   Compressing objects:  65% (13/20)   Compressing objects:  70% (14/20)   Compressing objects:  75% (15/20)   Compressing objects:  80% (16/20)   Compressing objects:  85% (17/20)   Compressing objects:  90% (18/20)   Compressing objects:  95% (19/20)   Compressing objects: 100% (20/20)   Compressing objects: 100% (20/20), done.
Writing objects:   4% (1/24)   Writing objects:   8% (2/24)   Writing objects:  12% (3/24)   Writing objects:  16% (4/24)   Writing objects:  20% (5/24)   Writing objects:  25% (6/24)   Writing objects:  29% (7/24)   Writing objects:  33% (8/24)   Writing objects:  37% (9/24)   Writing objects:  41% (10/24)   Writing objects:  45% (11/24)   Writing objects:  50% (12/24)   Writing objects:  54% (13/24)   Writing objects:  58% (14/24)   Writing objects:  62% (15/24)   Writing objects:  66% (16/24)   Writing objects:  70% (17/24)   Writing objects:  75% (18/24)   Writing objects:  79% (19/24)   Writing objects:  83% (20/24)   Writing objects:  87% (21/24)   Writing objects:  91% (22/24)   Writing objects:  95% (23/24)   Writing objects: 100% (24/24)   Writing objects: 100% (24/24), 6.92 KiB | 787.00 KiB/s, done.
Total 24 (delta 9), reused 0 (delta 0)
remote: Resolving deltas:   0% (0/9)   [Kremote: Resolving deltas:  11% (1/9)   [Kremote: Resolving deltas:  22% (2/9)   [Kremote: Resolving deltas:  33% (3/9)   [Kremote: Resolving deltas:  44% (4/9)   [Kremote: Resolving deltas:  55% (5/9)   [Kremote: Resolving deltas:  66% (6/9)   [Kremote: Resolving deltas:  77% (7/9)   [Kremote: Resolving deltas:  88% (8/9)   [Kremote: Resolving deltas: 100% (9/9)   [Kremote: Resolving deltas: 100% (9/9), completed with 9 local objects.[K
To https://github.com/rodserr/trading-ML.git
   df144e6..82fe784  master -> master
]0;/home/leonardo/Desktop/Rodrigo/Tesis/trading-ML]0;leonardo@leonardo: ~/Desktop/Rodrigo/Tesis/trading-ML[01;32mleonardo@leonardo[00m:[01;34m~/Desktop/Rodrigo/Tesis/trading-ML[00m$ [K]0;leonardo@leonardo: ~/Desktop/Rodrigo/Tesis/trading-ML[01;32mleonardo@leonardo[00m:[01;34m~/Desktop/Rodrigo/Tesis/trading-ML[00m$ git st atus[K[K[K[K[A[C[C[C[C[C[C[C[C[C[C[C[C[C[C[C[C[C[C[C[C[C[C[C[C[C[C[C[C[C[C[C[C[C[C[C[C[C[C[C[C[C[C[C[C[C[C[C[C[C[C[C[C[C[C[C[C[C[C[C[K
[K[A[C[C[C[C[C[C[C[C[C[C[C[C[C[C[C[C[C[C[C[C[C[C[C[C[C[C[C[C[C[C[C[C[C[C[C[C[C[C[C[C[C[C[C[C[C[C[C[C[C[C[C[C[C[C[C[C[C[C[C[K[K st atus
On branch master
Your branch is up to date with 'origin/master'.

Changes not staged for commit:
  (use "git add/rm <file>..." to update what will be committed)
  (use "git checkout -- <file>..." to discard changes in working directory)

	[31mmodified:   .Rproj.user/8B3E69DA/console06/ADBB21EF[m
	[31mmodified:   .Rproj.user/8B3E69DA/console06/INDEX001[m
	[31mmodified:   .Rproj.user/8B3E69DA/sources/prop/B83E15AF[m
	[31mmodified:   .Rproj.user/8B3E69DA/sources/prop/INDEX[m
	[31mmodified:   body/chapter2/chapter2.Rnw[m
	[31mmodified:   body/chapter3/chapter3.Rnw[m
	[31mmodified:   body/chapter4/chapter4.Rnw[m
	[31mdeleted:    main-001.pdf[m
	[31mdeleted:    main-002.pdf[m
	[31mmodified:   main-concordance.tex[m
	[31mmodified:   main.lof[m
	[31mmodified:   main.log[m
	[31mmodified:   main.pdf[m
	[31mmodified:   main.synctex.gz[m
	[31mmodified:   main.tex[m
	[31mmodified:   main.toc[m
	[31mmodified:   scripts/tesis_V3.R[m

no changes added to commit (use "git add" and/or "git commit -a")
]0;/home/leonardo/Desktop/Rodrigo/Tesis/trading-ML]0;leonardo@leonardo: ~/Desktop/Rodrigo/Tesis/trading-ML[01;32mleonardo@leonardo[00m:[01;34m~/Desktop/Rodrigo/Tesis/trading-ML[00m$ git st atus
On branch master
Your branch is up to date with 'origin/master'.

Changes not staged for commit:
  (use "git add/rm <file>..." to update what will be committed)
  (use "git checkout -- <file>..." to discard changes in working directory)

	[31mmodified:   .Rproj.user/8B3E69DA/console06/ADBB21EF[m
	[31mmodified:   .Rproj.user/8B3E69DA/console06/ADBB21EF.env[m
	[31mmodified:   .Rproj.user/8B3E69DA/console06/INDEX001[m
	[31mmodified:   .Rproj.user/8B3E69DA/sources/prop/B83E15AF[m
	[31mmodified:   .Rproj.user/8B3E69DA/sources/prop/INDEX[m
	[31mmodified:   .Rproj.user/shared/notebooks/paths[m
	[31mmodified:   body/chapter2/chapter2.Rnw[m
	[31mmodified:   body/chapter3/chapter3.Rnw[m
	[31mmodified:   body/chapter4/chapter4.Rnw[m
	[31mdeleted:    main-001.pdf[m
	[31mdeleted:    main-002.pdf[m
	[31mmodified:   main-concordance.tex[m
	[31mmodified:   main.lof[m
	[31mmodified:   main.log[m
	[31mmodified:   main.pdf[m
	[31mmodified:   main.synctex.gz[m
	[31mmodified:   main.tex[m
	[31mmodified:   main.toc[m
	[31mmodified:   scripts/tesis_V3.R[m

no changes added to commit (use "git add" and/or "git commit -a")
]0;/home/leonardo/Desktop/Rodrigo/Tesis/trading-ML]0;leonardo@leonardo: ~/Desktop/Rodrigo/Tesis/trading-ML[01;32mleonardo@leonardo[00m:[01;34m~/Desktop/Rodrigo/Tesis/trading-ML[00m$ git br anck[Kh
[?1h=* [32mmaster[m[m
[K[?1l>]0;/home/leonardo/Desktop/Rodrigo/Tesis/trading-ML]0;leonardo@leonardo: ~/Desktop/Rodrigo/Tesis/trading-ML[01;32mleonardo@leonardo[00m:[01;34m~/Desktop/Rodrigo/Tesis/trading-ML[00m$ [K]0;leonardo@leonardo: ~/Desktop/Rodrigo/Tesis/trading-ML[01;32mleonardo@leonardo[00m:[01;34m~/Desktop/Rodrigo/Tesis/trading-ML[00m$ git add .